> Task :clean
> Task :compileJava
> Task :processResources NO-SOURCE
> Task :classes
> Task :compileTestJava
> Task :processTestResources
> Task :testClasses

> Task :test

--- Test Results ---
Tests run: 0
Passed: 0
Failed: 0
Skipped: 0

[Incubating] Problems report is available at: file:///home/jmtester/IdeaProjects/FirstProject/build/reports/problems/problems-report.html

Deprecated Gradle features were used in this build, making it incompatible with Gradle 9.0.

You can use '--warning-mode all' to show the individual deprecation warnings and determine if they come from your own scripts or plugins.

For more on this, please refer to https://docs.gradle.org/8.14.3/userguide/command_line_interface.html#sec:command_line_warnings in the Gradle documentation.

BUILD SUCCESSFUL in 1s
5 actionable tasks: 5 executed
